nohup: no se tendrá en cuenta la entrada
[INFO] Scanning for projects...
[INFO] 
[INFO] -------------< uv.desarrolloSoftwareI:victus-caf-backend >--------------
[INFO] Building victus-caf-backend 0.0.1-SNAPSHOT
[INFO]   from pom.xml
[INFO] --------------------------------[ jar ]---------------------------------
[INFO] 
[INFO] >>> spring-boot:3.2.5:run (default-cli) > test-compile @ victus-caf-backend >>>
[INFO] 
[INFO] --- resources:3.3.1:resources (default-resources) @ victus-caf-backend ---
[INFO] Copying 1 resource from src/main/resources to target/classes
[INFO] Copying 0 resource from src/main/resources to target/classes
[INFO] 
[INFO] --- compiler:3.11.0:compile (default-compile) @ victus-caf-backend ---
[INFO] Nothing to compile - all classes are up to date
[INFO] 
[INFO] --- resources:3.3.1:testResources (default-testResources) @ victus-caf-backend ---
[INFO] skip non existing resourceDirectory /home/santiago/DesarrolloDeSoftwareI/victus-caf/victus-caf-backend/src/test/resources
[INFO] 
[INFO] --- compiler:3.11.0:testCompile (default-testCompile) @ victus-caf-backend ---
[INFO] Nothing to compile - all classes are up to date
[INFO] 
[INFO] <<< spring-boot:3.2.5:run (default-cli) < test-compile @ victus-caf-backend <<<
[INFO] 
[INFO] 
[INFO] --- spring-boot:3.2.5:run (default-cli) @ victus-caf-backend ---
[INFO] Attaching agents: []

  .   ____          _            __ _ _
 /\\ / ___'_ __ _ _(_)_ __  __ _ \ \ \ \
( ( )\___ | '_ | '_| | '_ \/ _` | \ \ \ \
 \\/  ___)| |_)| | | | | || (_| |  ) ) ) )
  '  |____| .__|_| |_|_| |_\__, | / / / /
 =========|_|==============|___/=/_/_/_/
 :: Spring Boot ::                (v3.2.5)

2026-06-03T07:43:26.401-05:00  INFO 12781 --- [victus-caf] [  restartedMain] com.victuscaf.VictusCafApplication       : Starting VictusCafApplication using Java 21.0.11 with PID 12781 (/home/santiago/DesarrolloDeSoftwareI/victus-caf/victus-caf-backend/target/classes started by santiago in /home/santiago/DesarrolloDeSoftwareI/victus-caf/victus-caf-backend)
2026-06-03T07:43:26.404-05:00  INFO 12781 --- [victus-caf] [  restartedMain] com.victuscaf.VictusCafApplication       : No active profile set, falling back to 1 default profile: "default"
2026-06-03T07:43:26.465-05:00  INFO 12781 --- [victus-caf] [  restartedMain] .e.DevToolsPropertyDefaultsPostProcessor : Devtools property defaults active! Set 'spring.devtools.add-properties' to 'false' to disable
2026-06-03T07:43:26.465-05:00  INFO 12781 --- [victus-caf] [  restartedMain] .e.DevToolsPropertyDefaultsPostProcessor : For additional web related logging consider setting the 'logging.level.web' property to 'DEBUG'
2026-06-03T07:43:27.293-05:00  INFO 12781 --- [victus-caf] [  restartedMain] .s.d.r.c.RepositoryConfigurationDelegate : Bootstrapping Spring Data JPA repositories in DEFAULT mode.
2026-06-03T07:43:27.415-05:00  INFO 12781 --- [victus-caf] [  restartedMain] .s.d.r.c.RepositoryConfigurationDelegate : Finished Spring Data repository scanning in 114 ms. Found 25 JPA repository interfaces.
2026-06-03T07:43:28.138-05:00  INFO 12781 --- [victus-caf] [  restartedMain] o.s.b.w.embedded.tomcat.TomcatWebServer  : Tomcat initialized with port 8080 (http)
2026-06-03T07:43:28.153-05:00  INFO 12781 --- [victus-caf] [  restartedMain] o.apache.catalina.core.StandardService   : Starting service [Tomcat]
2026-06-03T07:43:28.153-05:00  INFO 12781 --- [victus-caf] [  restartedMain] o.apache.catalina.core.StandardEngine    : Starting Servlet engine: [Apache Tomcat/10.1.20]
2026-06-03T07:43:28.193-05:00  INFO 12781 --- [victus-caf] [  restartedMain] o.a.c.c.C.[Tomcat].[localhost].[/]       : Initializing Spring embedded WebApplicationContext
2026-06-03T07:43:28.194-05:00  INFO 12781 --- [victus-caf] [  restartedMain] w.s.c.ServletWebServerApplicationContext : Root WebApplicationContext: initialization completed in 1727 ms
2026-06-03T07:43:28.363-05:00  INFO 12781 --- [victus-caf] [  restartedMain] o.hibernate.jpa.internal.util.LogHelper  : HHH000204: Processing PersistenceUnitInfo [name: default]
2026-06-03T07:43:28.420-05:00  INFO 12781 --- [victus-caf] [  restartedMain] org.hibernate.Version                    : HHH000412: Hibernate ORM core version 6.4.4.Final
2026-06-03T07:43:28.455-05:00  INFO 12781 --- [victus-caf] [  restartedMain] o.h.c.internal.RegionFactoryInitiator    : HHH000026: Second-level cache disabled
2026-06-03T07:43:28.690-05:00  INFO 12781 --- [victus-caf] [  restartedMain] o.s.o.j.p.SpringPersistenceUnitInfo      : No LoadTimeWeaver setup: ignoring JPA class transformer
2026-06-03T07:43:28.730-05:00  INFO 12781 --- [victus-caf] [  restartedMain] com.zaxxer.hikari.HikariDataSource       : HikariPool-1 - Starting...
2026-06-03T07:43:28.838-05:00  INFO 12781 --- [victus-caf] [  restartedMain] com.zaxxer.hikari.pool.HikariPool        : HikariPool-1 - Added connection org.mariadb.jdbc.Connection@1655c568
2026-06-03T07:43:28.839-05:00  INFO 12781 --- [victus-caf] [  restartedMain] com.zaxxer.hikari.HikariDataSource       : HikariPool-1 - Start completed.
2026-06-03T07:43:30.356-05:00  INFO 12781 --- [victus-caf] [  restartedMain] o.h.e.t.j.p.i.JtaPlatformInitiator       : HHH000489: No JTA platform available (set 'hibernate.transaction.jta.platform' to enable JTA platform integration)
2026-06-03T07:43:30.444-05:00  INFO 12781 --- [victus-caf] [  restartedMain] j.LocalContainerEntityManagerFactoryBean : Initialized JPA EntityManagerFactory for persistence unit 'default'
2026-06-03T07:43:31.634-05:00  WARN 12781 --- [victus-caf] [  restartedMain] JpaBaseConfiguration$JpaWebConfiguration : spring.jpa.open-in-view is enabled by default. Therefore, database queries may be performed during view rendering. Explicitly configure spring.jpa.open-in-view to disable this warning
2026-06-03T07:43:32.009-05:00  INFO 12781 --- [victus-caf] [  restartedMain] o.s.s.web.DefaultSecurityFilterChain     : Will secure any request with [org.springframework.security.web.session.DisableEncodeUrlFilter@3de9c519, org.springframework.security.web.context.request.async.WebAsyncManagerIntegrationFilter@33ef9364, org.springframework.security.web.context.SecurityContextHolderFilter@4b42f275, org.springframework.security.web.header.HeaderWriterFilter@4371f895, org.springframework.web.filter.CorsFilter@323d1c46, org.springframework.security.web.authentication.logout.LogoutFilter@446d0251, com.victuscaf.security.JwtAuthTokenFilter@28a4b833, org.springframework.security.web.savedrequest.RequestCacheAwareFilter@5a78e961, org.springframework.security.web.servletapi.SecurityContextHolderAwareRequestFilter@4e02f467, org.springframework.security.web.authentication.AnonymousAuthenticationFilter@6f487d3e, org.springframework.security.web.session.SessionManagementFilter@2d70a0d7, org.springframework.security.web.access.ExceptionTranslationFilter@819fb10, org.springframework.security.web.access.intercept.AuthorizationFilter@a808109]
2026-06-03T07:43:32.296-05:00  INFO 12781 --- [victus-caf] [  restartedMain] o.s.b.d.a.OptionalLiveReloadServer       : LiveReload server is running on port 35729
2026-06-03T07:43:32.341-05:00  INFO 12781 --- [victus-caf] [  restartedMain] o.s.b.w.embedded.tomcat.TomcatWebServer  : Tomcat started on port 8080 (http) with context path ''
2026-06-03T07:43:32.352-05:00  INFO 12781 --- [victus-caf] [  restartedMain] com.victuscaf.VictusCafApplication       : Started VictusCafApplication in 6.345 seconds (process running for 6.777)
2026-06-03T07:44:46.983-05:00  INFO 12781 --- [victus-caf] [   File Watcher] rtingClassPathChangeChangedEventListener : Restarting due to 112 class path changes (0 additions, 112 deletions, 0 modifications)
2026-06-03T07:44:47.070-05:00  INFO 12781 --- [victus-caf] [       Thread-5] j.LocalContainerEntityManagerFactoryBean : Closing JPA EntityManagerFactory for persistence unit 'default'
2026-06-03T07:44:47.099-05:00  INFO 12781 --- [victus-caf] [       Thread-5] com.zaxxer.hikari.HikariDataSource       : HikariPool-1 - Shutdown initiated...
2026-06-03T07:44:47.123-05:00  INFO 12781 --- [victus-caf] [       Thread-5] com.zaxxer.hikari.HikariDataSource       : HikariPool-1 - Shutdown completed.

  .   ____          _            __ _ _
 /\\ / ___'_ __ _ _(_)_ __  __ _ \ \ \ \
( ( )\___ | '_ | '_| | '_ \/ _` | \ \ \ \
 \\/  ___)| |_)| | | | | || (_| |  ) ) ) )
  '  |____| .__|_| |_|_| |_\__, | / / / /
 =========|_|==============|___/=/_/_/_/
 :: Spring Boot ::                (v3.2.5)

2026-06-03T07:44:47.545-05:00  INFO 12781 --- [victus-caf] [  restartedMain] com.victuscaf.VictusCafApplication       : Starting VictusCafApplication using Java 21.0.11 with PID 12781 (/home/santiago/DesarrolloDeSoftwareI/victus-caf/victus-caf-backend/target/classes started by santiago in /home/santiago/DesarrolloDeSoftwareI/victus-caf/victus-caf-backend)
2026-06-03T07:44:47.545-05:00  INFO 12781 --- [victus-caf] [  restartedMain] com.victuscaf.VictusCafApplication       : No active profile set, falling back to 1 default profile: "default"
2026-06-03T07:44:47.864-05:00  INFO 12781 --- [victus-caf] [  restartedMain] .s.d.r.c.RepositoryConfigurationDelegate : Bootstrapping Spring Data JPA repositories in DEFAULT mode.
2026-06-03T07:44:47.867-05:00  INFO 12781 --- [victus-caf] [  restartedMain] .s.d.r.c.RepositoryConfigurationDelegate : Finished Spring Data repository scanning in 1 ms. Found 0 JPA repository interfaces.
2026-06-03T07:44:48.082-05:00  INFO 12781 --- [victus-caf] [  restartedMain] o.s.b.w.embedded.tomcat.TomcatWebServer  : Tomcat initialized with port 8080 (http)
2026-06-03T07:44:48.083-05:00  INFO 12781 --- [victus-caf] [  restartedMain] o.apache.catalina.core.StandardService   : Starting service [Tomcat]
2026-06-03T07:44:48.084-05:00  INFO 12781 --- [victus-caf] [  restartedMain] o.apache.catalina.core.StandardEngine    : Starting Servlet engine: [Apache Tomcat/10.1.20]
2026-06-03T07:44:48.097-05:00  INFO 12781 --- [victus-caf] [  restartedMain] o.a.c.c.C.[Tomcat].[localhost].[/]       : Initializing Spring embedded WebApplicationContext
2026-06-03T07:44:48.098-05:00  INFO 12781 --- [victus-caf] [  restartedMain] w.s.c.ServletWebServerApplicationContext : Root WebApplicationContext: initialization completed in 550 ms
2026-06-03T07:44:48.129-05:00  WARN 12781 --- [victus-caf] [  restartedMain] ConfigServletWebServerApplicationContext : Exception encountered during context initialization - cancelling refresh attempt: org.springframework.beans.factory.UnsatisfiedDependencyException: Error creating bean with name 'dataSourceScriptDatabaseInitializer' defined in class path resource [org/springframework/boot/autoconfigure/sql/init/DataSourceInitializationConfiguration.class]: Unsatisfied dependency expressed through method 'dataSourceScriptDatabaseInitializer' parameter 0: Error creating bean with name 'dataSource' defined in class path resource [org/springframework/boot/autoconfigure/jdbc/DataSourceConfiguration$Hikari.class]: Failed to instantiate [com.zaxxer.hikari.HikariDataSource]: Factory method 'dataSource' threw exception with message: Failed to determine a suitable driver class
2026-06-03T07:44:48.130-05:00  INFO 12781 --- [victus-caf] [  restartedMain] o.apache.catalina.core.StandardService   : Stopping service [Tomcat]
2026-06-03T07:44:48.139-05:00  INFO 12781 --- [victus-caf] [  restartedMain] .s.b.a.l.ConditionEvaluationReportLogger : 

Error starting ApplicationContext. To display the condition evaluation report re-run your application with 'debug' enabled.
2026-06-03T07:44:48.192-05:00 ERROR 12781 --- [victus-caf] [  restartedMain] o.s.b.d.LoggingFailureAnalysisReporter   : 

***************************
APPLICATION FAILED TO START
***************************

Description:

Failed to configure a DataSource: 'url' attribute is not specified and no embedded datasource could be configured.

Reason: Failed to determine a suitable driver class


Action:

Consider the following:
	If you want an embedded database (H2, HSQL or Derby), please put it on the classpath.
	If you have database settings to be loaded from a particular profile you may need to activate it (no profiles are currently active).


  .   ____          _            __ _ _
 /\\ / ___'_ __ _ _(_)_ __  __ _ \ \ \ \
( ( )\___ | '_ | '_| | '_ \/ _` | \ \ \ \
 \\/  ___)| |_)| | | | | || (_| |  ) ) ) )
  '  |____| .__|_| |_|_| |_\__, | / / / /
 =========|_|==============|___/=/_/_/_/
 :: Spring Boot ::                (v3.2.5)

2026-06-03T07:44:52.259-05:00  INFO 12781 --- [victus-caf] [  restartedMain] com.victuscaf.VictusCafApplication       : Starting VictusCafApplication using Java 21.0.11 with PID 12781 (/home/santiago/DesarrolloDeSoftwareI/victus-caf/victus-caf-backend/target/classes started by santiago in /home/santiago/DesarrolloDeSoftwareI/victus-caf/victus-caf-backend)
2026-06-03T07:44:52.260-05:00  INFO 12781 --- [victus-caf] [  restartedMain] com.victuscaf.VictusCafApplication       : No active profile set, falling back to 1 default profile: "default"
2026-06-03T07:44:52.560-05:00  INFO 12781 --- [victus-caf] [  restartedMain] .s.d.r.c.RepositoryConfigurationDelegate : Bootstrapping Spring Data JPA repositories in DEFAULT mode.
2026-06-03T07:44:52.656-05:00  INFO 12781 --- [victus-caf] [  restartedMain] .s.d.r.c.RepositoryConfigurationDelegate : Finished Spring Data repository scanning in 95 ms. Found 25 JPA repository interfaces.
2026-06-03T07:44:52.906-05:00  INFO 12781 --- [victus-caf] [  restartedMain] o.s.b.w.embedded.tomcat.TomcatWebServer  : Tomcat initialized with port 8080 (http)
2026-06-03T07:44:52.908-05:00  INFO 12781 --- [victus-caf] [  restartedMain] o.apache.catalina.core.StandardService   : Starting service [Tomcat]
2026-06-03T07:44:52.910-05:00  INFO 12781 --- [victus-caf] [  restartedMain] o.apache.catalina.core.StandardEngine    : Starting Servlet engine: [Apache Tomcat/10.1.20]
2026-06-03T07:44:52.919-05:00  INFO 12781 --- [victus-caf] [  restartedMain] o.a.c.c.C.[Tomcat-1].[localhost].[/]     : Initializing Spring embedded WebApplicationContext
2026-06-03T07:44:52.919-05:00  INFO 12781 --- [victus-caf] [  restartedMain] w.s.c.ServletWebServerApplicationContext : Root WebApplicationContext: initialization completed in 656 ms
2026-06-03T07:44:53.019-05:00  INFO 12781 --- [victus-caf] [  restartedMain] o.hibernate.jpa.internal.util.LogHelper  : HHH000204: Processing PersistenceUnitInfo [name: default]
2026-06-03T07:44:53.021-05:00  INFO 12781 --- [victus-caf] [  restartedMain] o.h.c.internal.RegionFactoryInitiator    : HHH000026: Second-level cache disabled
2026-06-03T07:44:53.029-05:00  INFO 12781 --- [victus-caf] [  restartedMain] o.s.o.j.p.SpringPersistenceUnitInfo      : No LoadTimeWeaver setup: ignoring JPA class transformer
2026-06-03T07:44:53.031-05:00  INFO 12781 --- [victus-caf] [  restartedMain] com.zaxxer.hikari.HikariDataSource       : HikariPool-2 - Starting...
2026-06-03T07:44:53.058-05:00  INFO 12781 --- [victus-caf] [  restartedMain] com.zaxxer.hikari.pool.HikariPool        : HikariPool-2 - Added connection org.mariadb.jdbc.Connection@1468b20f
2026-06-03T07:44:53.059-05:00  INFO 12781 --- [victus-caf] [  restartedMain] com.zaxxer.hikari.HikariDataSource       : HikariPool-2 - Start completed.
2026-06-03T07:44:53.821-05:00  INFO 12781 --- [victus-caf] [  restartedMain] o.h.e.t.j.p.i.JtaPlatformInitiator       : HHH000489: No JTA platform available (set 'hibernate.transaction.jta.platform' to enable JTA platform integration)
2026-06-03T07:44:53.879-05:00  INFO 12781 --- [victus-caf] [  restartedMain] j.LocalContainerEntityManagerFactoryBean : Initialized JPA EntityManagerFactory for persistence unit 'default'
2026-06-03T07:44:54.706-05:00  WARN 12781 --- [victus-caf] [  restartedMain] JpaBaseConfiguration$JpaWebConfiguration : spring.jpa.open-in-view is enabled by default. Therefore, database queries may be performed during view rendering. Explicitly configure spring.jpa.open-in-view to disable this warning
2026-06-03T07:44:54.894-05:00  INFO 12781 --- [victus-caf] [  restartedMain] o.s.s.web.DefaultSecurityFilterChain     : Will secure any request with [org.springframework.security.web.session.DisableEncodeUrlFilter@18bf7880, org.springframework.security.web.context.request.async.WebAsyncManagerIntegrationFilter@5a7bf486, org.springframework.security.web.context.SecurityContextHolderFilter@394ae3fd, org.springframework.security.web.header.HeaderWriterFilter@6c10ffa5, org.springframework.web.filter.CorsFilter@1466a45, org.springframework.security.web.authentication.logout.LogoutFilter@34cec918, com.victuscaf.security.JwtAuthTokenFilter@48ac549e, org.springframework.security.web.savedrequest.RequestCacheAwareFilter@1857606e, org.springframework.security.web.servletapi.SecurityContextHolderAwareRequestFilter@73514916, org.springframework.security.web.authentication.AnonymousAuthenticationFilter@24753ddb, org.springframework.security.web.session.SessionManagementFilter@65b9869a, org.springframework.security.web.access.ExceptionTranslationFilter@60f82882, org.springframework.security.web.access.intercept.AuthorizationFilter@6e5969e7]
2026-06-03T07:44:55.059-05:00  INFO 12781 --- [victus-caf] [  restartedMain] o.s.b.d.a.OptionalLiveReloadServer       : LiveReload server is running on port 35729
2026-06-03T07:44:55.079-05:00  INFO 12781 --- [victus-caf] [  restartedMain] o.s.b.w.embedded.tomcat.TomcatWebServer  : Tomcat started on port 8080 (http) with context path ''
2026-06-03T07:44:55.083-05:00  INFO 12781 --- [victus-caf] [  restartedMain] com.victuscaf.VictusCafApplication       : Started VictusCafApplication in 2.867 seconds (process running for 89.508)
2026-06-03T07:44:55.086-05:00  INFO 12781 --- [victus-caf] [  restartedMain] .ConditionEvaluationDeltaLoggingListener : Condition evaluation unchanged
2026-06-03T07:45:40.091-05:00  INFO 12781 --- [victus-caf] [nio-8080-exec-1] o.a.c.c.C.[Tomcat-1].[localhost].[/]     : Initializing Spring DispatcherServlet 'dispatcherServlet'
2026-06-03T07:45:40.093-05:00  INFO 12781 --- [victus-caf] [nio-8080-exec-1] o.s.web.servlet.DispatcherServlet        : Initializing Servlet 'dispatcherServlet'
2026-06-03T07:45:40.104-05:00  INFO 12781 --- [victus-caf] [nio-8080-exec-1] o.s.web.servlet.DispatcherServlet        : Completed initialization in 10 ms
Hibernate: 
    select
        a1_0.id_usuario_sistema,
        a1_1.contrasena,
        a1_1.correo_electronico,
        a1_1.estado,
        a1_1.nombre_completo,
        a1_1.numero_de_documento,
        a1_1.rol,
        a1_1.telefono,
        a1_1.tipo_de_documento 
    from
        administrador a1_0 
    join
        usuario_sistema a1_1 
            on a1_0.id_usuario_sistema=a1_1.id_usuario_sistema 
    where
        a1_1.numero_de_documento=?
Hibernate: 
    select
        a1_0.id_usuario_sistema,
        a1_1.contrasena,
        a1_1.correo_electronico,
        a1_1.estado,
        a1_1.nombre_completo,
        a1_1.numero_de_documento,
        a1_1.rol,
        a1_1.telefono,
        a1_1.tipo_de_documento 
    from
        administrador a1_0 
    join
        usuario_sistema a1_1 
            on a1_0.id_usuario_sistema=a1_1.id_usuario_sistema 
    where
        a1_1.numero_de_documento=?
Hibernate: 
    select
        us1_0.id_usuario_sistema,
        case 
            when us1_1.id_usuario_sistema is not null 
                then 1 
            when us1_2.id_usuario_sistema is not null 
                then 2 
            when us1_3.id_usuario_sistema is not null 
                then 3 
            end,
            us1_0.contrasena,
            us1_0.correo_electronico,
            us1_0.estado,
            us1_0.nombre_completo,
            us1_0.numero_de_documento,
            us1_0.rol,
            us1_0.telefono,
            us1_0.tipo_de_documento,
            us1_2.cantidad_clientes_activos,
            us1_2.especialidad,
            us1_2.salario,
            us1_3.turno 
        from
            usuario_sistema us1_0 
        left join
            administrador us1_1 
                on us1_0.id_usuario_sistema=us1_1.id_usuario_sistema 
        left join
            entrenador us1_2 
                on us1_0.id_usuario_sistema=us1_2.id_usuario_sistema 
        left join
            secretaria us1_3 
                on us1_0.id_usuario_sistema=us1_3.id_usuario_sistema
Hibernate: 
    select
        us1_0.id_usuario_sistema,
        case 
            when us1_1.id_usuario_sistema is not null 
                then 1 
            when us1_2.id_usuario_sistema is not null 
                then 2 
            when us1_3.id_usuario_sistema is not null 
                then 3 
            end,
            us1_0.contrasena,
            us1_0.correo_electronico,
            us1_0.estado,
            us1_0.nombre_completo,
            us1_0.numero_de_documento,
            us1_0.rol,
            us1_0.telefono,
            us1_0.tipo_de_documento,
            us1_2.cantidad_clientes_activos,
            us1_2.especialidad,
            us1_2.salario,
            us1_3.turno 
        from
            usuario_sistema us1_0 
        left join
            administrador us1_1 
                on us1_0.id_usuario_sistema=us1_1.id_usuario_sistema 
        left join
            entrenador us1_2 
                on us1_0.id_usuario_sistema=us1_2.id_usuario_sistema 
        left join
            secretaria us1_3 
                on us1_0.id_usuario_sistema=us1_3.id_usuario_sistema
2026-06-03T08:00:12.839-05:00  INFO 12781 --- [victus-caf] [   File Watcher] rtingClassPathChangeChangedEventListener : Restarting due to 3 class path changes (0 additions, 0 deletions, 3 modifications)
2026-06-03T08:00:12.873-05:00  INFO 12781 --- [victus-caf] [       Thread-7] j.LocalContainerEntityManagerFactoryBean : Closing JPA EntityManagerFactory for persistence unit 'default'
2026-06-03T08:00:12.884-05:00  INFO 12781 --- [victus-caf] [       Thread-7] com.zaxxer.hikari.HikariDataSource       : HikariPool-2 - Shutdown initiated...
2026-06-03T08:00:12.901-05:00  INFO 12781 --- [victus-caf] [       Thread-7] com.zaxxer.hikari.HikariDataSource       : HikariPool-2 - Shutdown completed.

  .   ____          _            __ _ _
 /\\ / ___'_ __ _ _(_)_ __  __ _ \ \ \ \
( ( )\___ | '_ | '_| | '_ \/ _` | \ \ \ \
 \\/  ___)| |_)| | | | | || (_| |  ) ) ) )
  '  |____| .__|_| |_|_| |_\__, | / / / /
 =========|_|==============|___/=/_/_/_/
 :: Spring Boot ::                (v3.2.5)

2026-06-03T08:00:13.319-05:00  INFO 12781 --- [victus-caf] [  restartedMain] com.victuscaf.VictusCafApplication       : Starting VictusCafApplication using Java 21.0.11 with PID 12781 (/home/santiago/DesarrolloDeSoftwareI/victus-caf/victus-caf-backend/target/classes started by santiago in /home/santiago/DesarrolloDeSoftwareI/victus-caf/victus-caf-backend)
2026-06-03T08:00:13.320-05:00  INFO 12781 --- [victus-caf] [  restartedMain] com.victuscaf.VictusCafApplication       : No active profile set, falling back to 1 default profile: "default"
2026-06-03T08:00:13.675-05:00  INFO 12781 --- [victus-caf] [  restartedMain] .s.d.r.c.RepositoryConfigurationDelegate : Bootstrapping Spring Data JPA repositories in DEFAULT mode.
2026-06-03T08:00:13.735-05:00  INFO 12781 --- [victus-caf] [  restartedMain] .s.d.r.c.RepositoryConfigurationDelegate : Finished Spring Data repository scanning in 59 ms. Found 25 JPA repository interfaces.
2026-06-03T08:00:14.010-05:00  INFO 12781 --- [victus-caf] [  restartedMain] o.s.b.w.embedded.tomcat.TomcatWebServer  : Tomcat initialized with port 8080 (http)
2026-06-03T08:00:14.015-05:00  INFO 12781 --- [victus-caf] [  restartedMain] o.apache.catalina.core.StandardService   : Starting service [Tomcat]
2026-06-03T08:00:14.015-05:00  INFO 12781 --- [victus-caf] [  restartedMain] o.apache.catalina.core.StandardEngine    : Starting Servlet engine: [Apache Tomcat/10.1.20]
2026-06-03T08:00:14.027-05:00  INFO 12781 --- [victus-caf] [  restartedMain] o.a.c.c.C.[Tomcat-1].[localhost].[/]     : Initializing Spring embedded WebApplicationContext
2026-06-03T08:00:14.027-05:00  INFO 12781 --- [victus-caf] [  restartedMain] w.s.c.ServletWebServerApplicationContext : Root WebApplicationContext: initialization completed in 703 ms
2026-06-03T08:00:14.159-05:00  INFO 12781 --- [victus-caf] [  restartedMain] o.hibernate.jpa.internal.util.LogHelper  : HHH000204: Processing PersistenceUnitInfo [name: default]
2026-06-03T08:00:14.163-05:00  INFO 12781 --- [victus-caf] [  restartedMain] o.h.c.internal.RegionFactoryInitiator    : HHH000026: Second-level cache disabled
2026-06-03T08:00:14.169-05:00  INFO 12781 --- [victus-caf] [  restartedMain] o.s.o.j.p.SpringPersistenceUnitInfo      : No LoadTimeWeaver setup: ignoring JPA class transformer
2026-06-03T08:00:14.171-05:00  INFO 12781 --- [victus-caf] [  restartedMain] com.zaxxer.hikari.HikariDataSource       : HikariPool-3 - Starting...
2026-06-03T08:00:14.196-05:00  INFO 12781 --- [victus-caf] [  restartedMain] com.zaxxer.hikari.pool.HikariPool        : HikariPool-3 - Added connection org.mariadb.jdbc.Connection@12488dfe
2026-06-03T08:00:14.196-05:00  INFO 12781 --- [victus-caf] [  restartedMain] com.zaxxer.hikari.HikariDataSource       : HikariPool-3 - Start completed.
2026-06-03T08:00:14.591-05:00  INFO 12781 --- [victus-caf] [  restartedMain] o.h.e.t.j.p.i.JtaPlatformInitiator       : HHH000489: No JTA platform available (set 'hibernate.transaction.jta.platform' to enable JTA platform integration)
2026-06-03T08:00:14.635-05:00  INFO 12781 --- [victus-caf] [  restartedMain] j.LocalContainerEntityManagerFactoryBean : Initialized JPA EntityManagerFactory for persistence unit 'default'
2026-06-03T08:00:15.207-05:00  WARN 12781 --- [victus-caf] [  restartedMain] JpaBaseConfiguration$JpaWebConfiguration : spring.jpa.open-in-view is enabled by default. Therefore, database queries may be performed during view rendering. Explicitly configure spring.jpa.open-in-view to disable this warning
2026-06-03T08:00:15.369-05:00  INFO 12781 --- [victus-caf] [  restartedMain] o.s.s.web.DefaultSecurityFilterChain     : Will secure any request with [org.springframework.security.web.session.DisableEncodeUrlFilter@35e7def5, org.springframework.security.web.context.request.async.WebAsyncManagerIntegrationFilter@35088751, org.springframework.security.web.context.SecurityContextHolderFilter@7f96df02, org.springframework.security.web.header.HeaderWriterFilter@3d0d40cf, org.springframework.web.filter.CorsFilter@76b76dfa, org.springframework.security.web.authentication.logout.LogoutFilter@776ee038, com.victuscaf.security.JwtAuthTokenFilter@1249f403, org.springframework.security.web.savedrequest.RequestCacheAwareFilter@7050d611, org.springframework.security.web.servletapi.SecurityContextHolderAwareRequestFilter@278cebec, org.springframework.security.web.authentication.AnonymousAuthenticationFilter@6f835676, org.springframework.security.web.session.SessionManagementFilter@2ff6c554, org.springframework.security.web.access.ExceptionTranslationFilter@a30bf2e, org.springframework.security.web.access.intercept.AuthorizationFilter@416b18d2]
2026-06-03T08:00:15.555-05:00  INFO 12781 --- [victus-caf] [  restartedMain] o.s.b.d.a.OptionalLiveReloadServer       : LiveReload server is running on port 35729
2026-06-03T08:00:15.579-05:00  INFO 12781 --- [victus-caf] [  restartedMain] o.s.b.w.embedded.tomcat.TomcatWebServer  : Tomcat started on port 8080 (http) with context path ''
2026-06-03T08:00:15.585-05:00  INFO 12781 --- [victus-caf] [  restartedMain] com.victuscaf.VictusCafApplication       : Started VictusCafApplication in 2.333 seconds (process running for 1010.01)
2026-06-03T08:00:15.588-05:00  INFO 12781 --- [victus-caf] [  restartedMain] .ConditionEvaluationDeltaLoggingListener : Condition evaluation unchanged
2026-06-03T08:09:05.267-05:00  INFO 12781 --- [victus-caf] [nio-8080-exec-1] o.a.c.c.C.[Tomcat-1].[localhost].[/]     : Initializing Spring DispatcherServlet 'dispatcherServlet'
2026-06-03T08:09:05.273-05:00  INFO 12781 --- [victus-caf] [nio-8080-exec-1] o.s.web.servlet.DispatcherServlet        : Initializing Servlet 'dispatcherServlet'
2026-06-03T08:09:05.288-05:00  INFO 12781 --- [victus-caf] [nio-8080-exec-1] o.s.web.servlet.DispatcherServlet        : Completed initialization in 15 ms
Hibernate: 
    select
        a1_0.id_usuario_sistema,
        a1_1.contrasena,
        a1_1.correo_electronico,
        a1_1.estado,
        a1_1.nombre_completo,
        a1_1.numero_de_documento,
        a1_1.rol,
        a1_1.telefono,
        a1_1.tipo_de_documento 
    from
        administrador a1_0 
    join
        usuario_sistema a1_1 
            on a1_0.id_usuario_sistema=a1_1.id_usuario_sistema 
    where
        a1_1.numero_de_documento=?
Hibernate: 
    select
        a1_0.id_usuario_sistema,
        a1_1.contrasena,
        a1_1.correo_electronico,
        a1_1.estado,
        a1_1.nombre_completo,
        a1_1.numero_de_documento,
        a1_1.rol,
        a1_1.telefono,
        a1_1.tipo_de_documento 
    from
        administrador a1_0 
    join
        usuario_sistema a1_1 
            on a1_0.id_usuario_sistema=a1_1.id_usuario_sistema 
    where
        a1_1.numero_de_documento=?
Hibernate: 
    select
        us1_0.id_usuario_sistema,
        case 
            when us1_1.id_usuario_sistema is not null 
                then 1 
            when us1_2.id_usuario_sistema is not null 
                then 2 
            when us1_3.id_usuario_sistema is not null 
                then 3 
            end,
            us1_0.contrasena,
            us1_0.correo_electronico,
            us1_0.estado,
            us1_0.nombre_completo,
            us1_0.numero_de_documento,
            us1_0.rol,
            us1_0.telefono,
            us1_0.tipo_de_documento,
            us1_2.cantidad_clientes_activos,
            us1_2.especialidad,
            us1_2.salario,
            us1_3.turno 
        from
            usuario_sistema us1_0 
        left join
            administrador us1_1 
                on us1_0.id_usuario_sistema=us1_1.id_usuario_sistema 
        left join
            entrenador us1_2 
                on us1_0.id_usuario_sistema=us1_2.id_usuario_sistema 
        left join
            secretaria us1_3 
                on us1_0.id_usuario_sistema=us1_3.id_usuario_sistema
Hibernate: 
    select
        us1_0.id_usuario_sistema,
        case 
            when us1_1.id_usuario_sistema is not null 
                then 1 
            when us1_2.id_usuario_sistema is not null 
                then 2 
            when us1_3.id_usuario_sistema is not null 
                then 3 
            end,
            us1_0.contrasena,
            us1_0.correo_electronico,
            us1_0.estado,
            us1_0.nombre_completo,
            us1_0.numero_de_documento,
            us1_0.rol,
            us1_0.telefono,
            us1_0.tipo_de_documento,
            us1_2.cantidad_clientes_activos,
            us1_2.especialidad,
            us1_2.salario,
            us1_3.turno 
        from
            usuario_sistema us1_0 
        left join
            administrador us1_1 
                on us1_0.id_usuario_sistema=us1_1.id_usuario_sistema 
        left join
            entrenador us1_2 
                on us1_0.id_usuario_sistema=us1_2.id_usuario_sistema 
        left join
            secretaria us1_3 
                on us1_0.id_usuario_sistema=us1_3.id_usuario_sistema
Hibernate: 
    select
        a1_0.id_usuario_sistema,
        a1_1.contrasena,
        a1_1.correo_electronico,
        a1_1.estado,
        a1_1.nombre_completo,
        a1_1.numero_de_documento,
        a1_1.rol,
        a1_1.telefono,
        a1_1.tipo_de_documento 
    from
        administrador a1_0 
    join
        usuario_sistema a1_1 
            on a1_0.id_usuario_sistema=a1_1.id_usuario_sistema 
    where
        a1_1.numero_de_documento=?
Hibernate: 
    select
        a1_0.id_usuario_sistema,
        a1_1.contrasena,
        a1_1.correo_electronico,
        a1_1.estado,
        a1_1.nombre_completo,
        a1_1.numero_de_documento,
        a1_1.rol,
        a1_1.telefono,
        a1_1.tipo_de_documento 
    from
        administrador a1_0 
    join
        usuario_sistema a1_1 
            on a1_0.id_usuario_sistema=a1_1.id_usuario_sistema 
    where
        a1_1.numero_de_documento=?
Hibernate: 
    select
        pm1_0.id,
        pm1_1.contrasena,
        pm1_1.correo_electronico,
        pm1_1.estado,
        pm1_1.fecha_de_nacimiento,
        pm1_1.nombre_completo,
        pm1_1.numero_de_documento,
        pm1_1.telefono,
        pm1_1.tipo_de_cliente,
        pm1_1.tipo_de_documento,
        pm1_0.estado_membresia,
        pm1_0.tiene_entrenador 
    from
        particular_mensual pm1_0 
    join
        usuario pm1_1 
            on pm1_0.id=pm1_1.id
Hibernate: 
    select
        pm1_0.id,
        pm1_1.contrasena,
        pm1_1.correo_electronico,
        pm1_1.estado,
        pm1_1.fecha_de_nacimiento,
        pm1_1.nombre_completo,
        pm1_1.numero_de_documento,
        pm1_1.telefono,
        pm1_1.tipo_de_cliente,
        pm1_1.tipo_de_documento,
        pm1_0.estado_membresia,
        pm1_0.tiene_entrenador 
    from
        particular_mensual pm1_0 
    join
        usuario pm1_1 
            on pm1_0.id=pm1_1.id
Hibernate: 
    select
        c1_0.id,
        c2_0.id,
        c2_1.contrasena,
        c2_1.correo_electronico,
        c2_1.estado,
        c2_1.fecha_de_nacimiento,
        c2_1.nombre_completo,
        c2_1.numero_de_documento,
        c2_1.telefono,
        c2_1.tipo_de_cliente,
        c2_1.tipo_de_documento,
        c2_0.estado_membresia,
        c2_0.tiene_entrenador,
        c1_0.estado,
        c1_0.fecha_inicio,
        c1_0.fecha_vencimiento,
        c1_0.tipo_membresia 
    from
        contrato c1_0 
    left join
        (particular_mensual c2_0 
    join
        usuario c2_1 
            on c2_0.id=c2_1.id) 
        on c2_0.id=c1_0.cliente_id 
    where
        c1_0.cliente_id=?
Hibernate: 
    select
        c1_0.id,
        c2_0.id,
        c2_1.contrasena,
        c2_1.correo_electronico,
        c2_1.estado,
        c2_1.fecha_de_nacimiento,
        c2_1.nombre_completo,
        c2_1.numero_de_documento,
        c2_1.telefono,
        c2_1.tipo_de_cliente,
        c2_1.tipo_de_documento,
        c2_0.estado_membresia,
        c2_0.tiene_entrenador,
        c1_0.estado,
        c1_0.fecha_inicio,
        c1_0.fecha_vencimiento,
        c1_0.tipo_membresia 
    from
        contrato c1_0 
    left join
        (particular_mensual c2_0 
    join
        usuario c2_1 
            on c2_0.id=c2_1.id) 
        on c2_0.id=c1_0.cliente_id 
    where
        c1_0.cliente_id=?
2026-06-03T08:09:08.365-05:00  WARN 12781 --- [victus-caf] [nio-8080-exec-3] .m.m.a.ExceptionHandlerExceptionResolver : Resolved [org.springframework.http.converter.HttpMessageNotWritableException: Could not write JSON: Infinite recursion (StackOverflowError)]
2026-06-03T08:09:08.365-05:00  WARN 12781 --- [victus-caf] [nio-8080-exec-4] .m.m.a.ExceptionHandlerExceptionResolver : Resolved [org.springframework.http.converter.HttpMessageNotWritableException: Could not write JSON: Infinite recursion (StackOverflowError)]
Hibernate: 
    select
        a1_0.id_usuario_sistema,
        a1_1.contrasena,
        a1_1.correo_electronico,
        a1_1.estado,
        a1_1.nombre_completo,
        a1_1.numero_de_documento,
        a1_1.rol,
        a1_1.telefono,
        a1_1.tipo_de_documento 
    from
        administrador a1_0 
    join
        usuario_sistema a1_1 
            on a1_0.id_usuario_sistema=a1_1.id_usuario_sistema 
    where
        a1_1.numero_de_documento=?
Hibernate: 
    select
        u1_0.id 
    from
        usuario u1_0 
    where
        u1_0.numero_de_documento=? 
    limit
        ?
Hibernate: 
    insert 
    into
        usuario
        (contrasena, correo_electronico, estado, fecha_de_nacimiento, nombre_completo, numero_de_documento, telefono, tipo_de_cliente, tipo_de_documento) 
    values
        (?, ?, ?, ?, ?, ?, ?, ?, ?)
Hibernate: 
    insert 
    into
        particular_mensual
        (estado_membresia, tiene_entrenador, id) 
    values
        (?, ?, ?)
Hibernate: 
    insert 
    into
        contrato
        (cliente_id, estado, fecha_inicio, fecha_vencimiento, tipo_membresia) 
    values
        (?, ?, ?, ?, ?)
Hibernate: 
    select
        e1_0.id_usuario_sistema,
        e1_1.contrasena,
        e1_1.correo_electronico,
        e1_1.estado,
        e1_1.nombre_completo,
        e1_1.numero_de_documento,
        e1_1.rol,
        e1_1.telefono,
        e1_1.tipo_de_documento,
        e1_0.cantidad_clientes_activos,
        e1_0.especialidad,
        e1_0.salario 
    from
        entrenador e1_0 
    join
        usuario_sistema e1_1 
            on e1_0.id_usuario_sistema=e1_1.id_usuario_sistema 
    where
        e1_0.cantidad_clientes_activos<?
Hibernate: 
    update
        entrenador 
    set
        cantidad_clientes_activos=?,
        especialidad=?,
        salario=? 
    where
        id_usuario_sistema=?
2026-06-03T08:09:56.482-05:00  WARN 12781 --- [victus-caf] [nio-8080-exec-5] .m.m.a.ExceptionHandlerExceptionResolver : Resolved [org.springframework.http.converter.HttpMessageNotWritableException: Could not write JSON: Infinite recursion (StackOverflowError)]
Hibernate: 
    select
        a1_0.id_usuario_sistema,
        a1_1.contrasena,
        a1_1.correo_electronico,
        a1_1.estado,
        a1_1.nombre_completo,
        a1_1.numero_de_documento,
        a1_1.rol,
        a1_1.telefono,
        a1_1.tipo_de_documento 
    from
        administrador a1_0 
    join
        usuario_sistema a1_1 
            on a1_0.id_usuario_sistema=a1_1.id_usuario_sistema 
    where
        a1_1.numero_de_documento=?
Hibernate: 
    select
        a1_0.id_usuario_sistema,
        a1_1.contrasena,
        a1_1.correo_electronico,
        a1_1.estado,
        a1_1.nombre_completo,
        a1_1.numero_de_documento,
        a1_1.rol,
        a1_1.telefono,
        a1_1.tipo_de_documento 
    from
        administrador a1_0 
    join
        usuario_sistema a1_1 
            on a1_0.id_usuario_sistema=a1_1.id_usuario_sistema 
    where
        a1_1.numero_de_documento=?
Hibernate: 
    select
        us1_0.id_usuario_sistema,
        case 
            when us1_1.id_usuario_sistema is not null 
                then 1 
            when us1_2.id_usuario_sistema is not null 
                then 2 
            when us1_3.id_usuario_sistema is not null 
                then 3 
            end,
            us1_0.contrasena,
            us1_0.correo_electronico,
            us1_0.estado,
            us1_0.nombre_completo,
            us1_0.numero_de_documento,
            us1_0.rol,
            us1_0.telefono,
            us1_0.tipo_de_documento,
            us1_2.cantidad_clientes_activos,
            us1_2.especialidad,
            us1_2.salario,
            us1_3.turno 
        from
            usuario_sistema us1_0 
        left join
            administrador us1_1 
                on us1_0.id_usuario_sistema=us1_1.id_usuario_sistema 
        left join
            entrenador us1_2 
                on us1_0.id_usuario_sistema=us1_2.id_usuario_sistema 
        left join
            secretaria us1_3 
                on us1_0.id_usuario_sistema=us1_3.id_usuario_sistema
Hibernate: 
    select
        us1_0.id_usuario_sistema,
        case 
            when us1_1.id_usuario_sistema is not null 
                then 1 
            when us1_2.id_usuario_sistema is not null 
                then 2 
            when us1_3.id_usuario_sistema is not null 
                then 3 
            end,
            us1_0.contrasena,
            us1_0.correo_electronico,
            us1_0.estado,
            us1_0.nombre_completo,
            us1_0.numero_de_documento,
            us1_0.rol,
            us1_0.telefono,
            us1_0.tipo_de_documento,
            us1_2.cantidad_clientes_activos,
            us1_2.especialidad,
            us1_2.salario,
            us1_3.turno 
        from
            usuario_sistema us1_0 
        left join
            administrador us1_1 
                on us1_0.id_usuario_sistema=us1_1.id_usuario_sistema 
        left join
            entrenador us1_2 
                on us1_0.id_usuario_sistema=us1_2.id_usuario_sistema 
        left join
            secretaria us1_3 
                on us1_0.id_usuario_sistema=us1_3.id_usuario_sistema
Hibernate: 
    select
        a1_0.id_usuario_sistema,
        a1_1.contrasena,
        a1_1.correo_electronico,
        a1_1.estado,
        a1_1.nombre_completo,
        a1_1.numero_de_documento,
        a1_1.rol,
        a1_1.telefono,
        a1_1.tipo_de_documento 
    from
        administrador a1_0 
    join
        usuario_sistema a1_1 
            on a1_0.id_usuario_sistema=a1_1.id_usuario_sistema 
    where
        a1_1.numero_de_documento=?
Hibernate: 
    select
        us1_0.id_usuario_sistema 
    from
        usuario_sistema us1_0 
    where
        us1_0.numero_de_documento=? 
    limit
        ?
Hibernate: 
    select
        count(us1_0.id_usuario_sistema) 
    from
        usuario_sistema us1_0 
    where
        us1_0.rol=? 
        and us1_0.estado=?
Hibernate: 
    insert 
    into
        usuario_sistema
        (contrasena, correo_electronico, estado, nombre_completo, numero_de_documento, rol, telefono, tipo_de_documento) 
    values
        (?, ?, ?, ?, ?, ?, ?, ?)
Hibernate: 
    insert 
    into
        secretaria
        (turno, id_usuario_sistema) 
    values
        (?, ?)
Hibernate: 
    select
        a1_0.id_usuario_sistema,
        a1_1.contrasena,
        a1_1.correo_electronico,
        a1_1.estado,
        a1_1.nombre_completo,
        a1_1.numero_de_documento,
        a1_1.rol,
        a1_1.telefono,
        a1_1.tipo_de_documento 
    from
        administrador a1_0 
    join
        usuario_sistema a1_1 
            on a1_0.id_usuario_sistema=a1_1.id_usuario_sistema 
    where
        a1_1.numero_de_documento=?
Hibernate: 
    select
        us1_0.id_usuario_sistema,
        case 
            when us1_1.id_usuario_sistema is not null 
                then 1 
            when us1_2.id_usuario_sistema is not null 
                then 2 
            when us1_3.id_usuario_sistema is not null 
                then 3 
            end,
            us1_0.contrasena,
            us1_0.correo_electronico,
            us1_0.estado,
            us1_0.nombre_completo,
            us1_0.numero_de_documento,
            us1_0.rol,
            us1_0.telefono,
            us1_0.tipo_de_documento,
            us1_2.cantidad_clientes_activos,
            us1_2.especialidad,
            us1_2.salario,
            us1_3.turno 
        from
            usuario_sistema us1_0 
        left join
            administrador us1_1 
                on us1_0.id_usuario_sistema=us1_1.id_usuario_sistema 
        left join
            entrenador us1_2 
                on us1_0.id_usuario_sistema=us1_2.id_usuario_sistema 
        left join
            secretaria us1_3 
                on us1_0.id_usuario_sistema=us1_3.id_usuario_sistema
2026-06-03T09:56:55.128-05:00  INFO 12781 --- [victus-caf] [ionShutdownHook] j.LocalContainerEntityManagerFactoryBean : Closing JPA EntityManagerFactory for persistence unit 'default'
2026-06-03T09:56:55.134-05:00  INFO 12781 --- [victus-caf] [ionShutdownHook] com.zaxxer.hikari.HikariDataSource       : HikariPool-3 - Shutdown initiated...
2026-06-03T09:56:55.138-05:00  INFO 12781 --- [victus-caf] [ionShutdownHook] com.zaxxer.hikari.HikariDataSource       : HikariPool-3 - Shutdown completed.
